main.c:157:6:HAL_GPIO_EXTI_Callback	16	static
main.c:169:6:HAL_ADC_ConvCpltCallback	16	static
main.c:181:6:HAL_TIM_PeriodElapsedCallback	16	static
main.c:246:5:main	8	static
main.c:307:6:SystemClock_Config	232	static
main.c:364:13:MX_ADC3_Init	32	static
main.c:421:13:MX_TIM2_Init	48	static
main.c:470:13:MX_TIM4_Init	40	static
main.c:515:13:MX_USART2_UART_Init	8	static
main.c:550:13:MX_GPIO_Init	40	static
main.c:581:6:fsm_init	16	static
main.c:588:6:fsm_run	24	static
main.c:659:6:Error_Handler	4	static
