main.c:169:6:HAL_GPIO_EXTI_Callback	16	static
main.c:181:6:HAL_ADC_ConvCpltCallback	16	static
main.c:193:6:HAL_TIM_PeriodElapsedCallback	16	static
main.c:282:5:main	8	static
main.c:337:6:SystemClock_Config	232	static
main.c:394:13:MX_ADC3_Init	32	static
main.c:451:13:MX_TIM2_Init	48	static
main.c:500:13:MX_TIM4_Init	40	static
main.c:545:13:MX_USART2_UART_Init	8	static
main.c:580:13:MX_GPIO_Init	40	static
main.c:611:6:fsm_init	16	static
main.c:627:6:fsm_run	16	static
main.c:758:6:Error_Handler	4	static
